{
    "$id": "test.json",
    "a": {
        "const": 5
    }
}
