{
    "$id": "test.json",
    "definitions": {
        "test": 5
    },
    "const": 5
}
