{
    "$id": "test.json",
    "definitions": {
        "a": 5,
        "c": {
            "one": 1,
            "three": 123
        }
    },
    "test": {
        "a": 5,
        "b": 4,
        "c": {
            "one": 1,
            "two": 2,
            "three": 3
        }
    }
}
