{
    "$id": "test.json",
    "$deref": false,
    "a": {
        "$ref": "test.json"
    }
}
