{
    "$id": "one.json",
    "test": {
        "b": {
            "type": "null",
            "required": ["name"]
        }
    }
}
