{
    "$id": "one.json",
    "test": {
        "type": "object",
        "required": ["name"]
    }
}
